// Jest Snapshot v1, https://goo.gl/fbAQLP

exports[`AddAlertScreen displays route correctly 1`] = `
<View
  style={
    Object {
      "backgroundColor": "#ffffff",
      "flex": 1,
    }
  }
>
  <View
    style={
      Object {
        "flex": 1,
        "marginTop": 20,
      }
    }
  >
    <View
      style={
        Array [
          Object {
            "backgroundColor": "#ffffff",
            "borderColor": "#bbb",
            "borderTopWidth": 1,
            "marginTop": 20,
          },
          Object {
            "marginBottom": 20,
          },
        ]
      }
    >
      <View
        disabled={false}
        onLongPress={undefined}
        onPress={undefined}
        style={
          Array [
            Object {
              "backgroundColor": "transparent",
              "borderBottomColor": "#bbb",
              "borderBottomWidth": 1,
              "paddingBottom": 10,
              "paddingRight": 10,
              "paddingTop": 10,
            },
            undefined,
            false,
            false,
          ]
        }
        underlayColor="white"
      >
        <View
          style={
            Array [
              Object {
                "flexDirection": "row",
                "marginLeft": 10,
              },
              undefined,
            ]
          }
        >
          <View
            style={
              Object {
                "flex": 1,
                "justifyContent": "center",
              }
            }
          >
            <View
              style={undefined}
            >
              <Text
                accessible={true}
                allowFontScaling={true}
                ellipsizeMode="tail"
                numberOfLines={1}
                style={
                  Array [
                    Object {},
                    undefined,
                    undefined,
                    undefined,
                    undefined,
                    undefined,
                    undefined,
                    undefined,
                    undefined,
                    undefined,
                    Array [
                      Object {
                        "color": "#43484d",
                        "fontSize": 17.5,
                      },
                      false,
                      undefined,
                      undefined,
                    ],
                  ]
                }
              >
                Bus Route 1
              </Text>
            </View>
            <View
              style={undefined}
            >
              <Text
                accessible={true}
                allowFontScaling={true}
                ellipsizeMode="tail"
                numberOfLines={3}
                style={
                  Array [
                    Object {},
                    undefined,
                    undefined,
                    undefined,
                    undefined,
                    undefined,
                    undefined,
                    undefined,
                    undefined,
                    undefined,
                    Array [
                      Object {
                        "color": "#86939e",
                        "fontSize": 15,
                        "fontWeight": "600",
                        "marginTop": 1,
                      },
                      false,
                      undefined,
                      undefined,
                    ],
                  ]
                }
              >
                Take x avenue
              </Text>
            </View>
          </View>
        </View>
      </View>
    </View>
    <Text
      accessible={true}
      allowFontScaling={true}
      ellipsizeMode="tail"
      style={
        Object {
          "fontSize": 15,
          "fontWeight": "bold",
          "paddingLeft": 10,
        }
      }
    >
      Repeat:
    </Text>
    <View
      style={
        Array [
          Object {
            "backgroundColor": "#ffffff",
            "borderColor": "#bbb",
            "borderTopWidth": 1,
            "marginTop": 20,
          },
          Object {
            "marginBottom": 20,
          },
        ]
      }
    >
      <View
        accessibilityComponentType={undefined}
        accessibilityLabel={undefined}
        accessibilityTraits={undefined}
        accessible={true}
        hasTVPreferredFocus={undefined}
        hitSlop={undefined}
        isTVSelectable={true}
        nativeID={undefined}
        onLayout={undefined}
        onResponderGrant={[Function]}
        onResponderMove={[Function]}
        onResponderRelease={[Function]}
        onResponderTerminate={[Function]}
        onResponderTerminationRequest={[Function]}
        onStartShouldSetResponder={[Function]}
        style={
          Array [
            Object {
              "backgroundColor": "transparent",
            },
            Array [
              Object {
                "backgroundColor": "transparent",
                "borderBottomColor": "#bbb",
                "borderBottomWidth": 1,
                "paddingBottom": 10,
                "paddingRight": 10,
                "paddingTop": 10,
              },
              undefined,
              false,
              false,
            ],
          ]
        }
        testID={undefined}
        tvParallaxProperties={undefined}
      >
        <View
          style={
            Array [
              Object {
                "flexDirection": "row",
                "marginLeft": 10,
              },
              undefined,
            ]
          }
        >
          <View
            style={
              Object {
                "flex": 1,
                "justifyContent": "center",
              }
            }
          >
            <View
              style={undefined}
            >
              <Text
                accessible={true}
                allowFontScaling={true}
                ellipsizeMode="tail"
                numberOfLines={1}
                style={
                  Array [
                    Object {},
                    undefined,
                    undefined,
                    undefined,
                    undefined,
                    undefined,
                    undefined,
                    undefined,
                    undefined,
                    undefined,
                    Array [
                      Object {
                        "color": "#43484d",
                        "fontSize": 17.5,
                      },
                      Object {
                        "marginLeft": 10,
                      },
                      undefined,
                      undefined,
                    ],
                  ]
                }
              >
                Every Monday
              </Text>
            </View>
            <View
              style={undefined}
            >
              <View />
            </View>
          </View>
        </View>
      </View>
      <View
        accessibilityComponentType={undefined}
        accessibilityLabel={undefined}
        accessibilityTraits={undefined}
        accessible={true}
        hasTVPreferredFocus={undefined}
        hitSlop={undefined}
        isTVSelectable={true}
        nativeID={undefined}
        onLayout={undefined}
        onResponderGrant={[Function]}
        onResponderMove={[Function]}
        onResponderRelease={[Function]}
        onResponderTerminate={[Function]}
        onResponderTerminationRequest={[Function]}
        onStartShouldSetResponder={[Function]}
        style={
          Array [
            Object {
              "backgroundColor": "transparent",
            },
            Array [
              Object {
                "backgroundColor": "transparent",
                "borderBottomColor": "#bbb",
                "borderBottomWidth": 1,
                "paddingBottom": 10,
                "paddingRight": 10,
                "paddingTop": 10,
              },
              undefined,
              false,
              false,
            ],
          ]
        }
        testID={undefined}
        tvParallaxProperties={undefined}
      >
        <View
          style={
            Array [
              Object {
                "flexDirection": "row",
                "marginLeft": 10,
              },
              undefined,
            ]
          }
        >
          <View
            style={
              Object {
                "flex": 1,
                "justifyContent": "center",
              }
            }
          >
            <View
              style={undefined}
            >
              <Text
                accessible={true}
                allowFontScaling={true}
                ellipsizeMode="tail"
                numberOfLines={1}
                style={
                  Array [
                    Object {},
                    undefined,
                    undefined,
                    undefined,
                    undefined,
                    undefined,
                    undefined,
                    undefined,
                    undefined,
                    undefined,
                    Array [
                      Object {
                        "color": "#43484d",
                        "fontSize": 17.5,
                      },
                      Object {
                        "marginLeft": 10,
                      },
                      undefined,
                      undefined,
                    ],
                  ]
                }
              >
                Every Tuesday
              </Text>
            </View>
            <View
              style={undefined}
            >
              <View />
            </View>
          </View>
        </View>
      </View>
      <View
        accessibilityComponentType={undefined}
        accessibilityLabel={undefined}
        accessibilityTraits={undefined}
        accessible={true}
        hasTVPreferredFocus={undefined}
        hitSlop={undefined}
        isTVSelectable={true}
        nativeID={undefined}
        onLayout={undefined}
        onResponderGrant={[Function]}
        onResponderMove={[Function]}
        onResponderRelease={[Function]}
        onResponderTerminate={[Function]}
        onResponderTerminationRequest={[Function]}
        onStartShouldSetResponder={[Function]}
        style={
          Array [
            Object {
              "backgroundColor": "transparent",
            },
            Array [
              Object {
                "backgroundColor": "transparent",
                "borderBottomColor": "#bbb",
                "borderBottomWidth": 1,
                "paddingBottom": 10,
                "paddingRight": 10,
                "paddingTop": 10,
              },
              undefined,
              false,
              false,
            ],
          ]
        }
        testID={undefined}
        tvParallaxProperties={undefined}
      >
        <View
          style={
            Array [
              Object {
                "flexDirection": "row",
                "marginLeft": 10,
              },
              undefined,
            ]
          }
        >
          <View
            style={
              Object {
                "flex": 1,
                "justifyContent": "center",
              }
            }
          >
            <View
              style={undefined}
            >
              <Text
                accessible={true}
                allowFontScaling={true}
                ellipsizeMode="tail"
                numberOfLines={1}
                style={
                  Array [
                    Object {},
                    undefined,
                    undefined,
                    undefined,
                    undefined,
                    undefined,
                    undefined,
                    undefined,
                    undefined,
                    undefined,
                    Array [
                      Object {
                        "color": "#43484d",
                        "fontSize": 17.5,
                      },
                      Object {
                        "marginLeft": 10,
                      },
                      undefined,
                      undefined,
                    ],
                  ]
                }
              >
                Every Wednesday
              </Text>
            </View>
            <View
              style={undefined}
            >
              <View />
            </View>
          </View>
        </View>
      </View>
      <View
        accessibilityComponentType={undefined}
        accessibilityLabel={undefined}
        accessibilityTraits={undefined}
        accessible={true}
        hasTVPreferredFocus={undefined}
        hitSlop={undefined}
        isTVSelectable={true}
        nativeID={undefined}
        onLayout={undefined}
        onResponderGrant={[Function]}
        onResponderMove={[Function]}
        onResponderRelease={[Function]}
        onResponderTerminate={[Function]}
        onResponderTerminationRequest={[Function]}
        onStartShouldSetResponder={[Function]}
        style={
          Array [
            Object {
              "backgroundColor": "transparent",
            },
            Array [
              Object {
                "backgroundColor": "transparent",
                "borderBottomColor": "#bbb",
                "borderBottomWidth": 1,
                "paddingBottom": 10,
                "paddingRight": 10,
                "paddingTop": 10,
              },
              undefined,
              false,
              false,
            ],
          ]
        }
        testID={undefined}
        tvParallaxProperties={undefined}
      >
        <View
          style={
            Array [
              Object {
                "flexDirection": "row",
                "marginLeft": 10,
              },
              undefined,
            ]
          }
        >
          <View
            style={
              Object {
                "flex": 1,
                "justifyContent": "center",
              }
            }
          >
            <View
              style={undefined}
            >
              <Text
                accessible={true}
                allowFontScaling={true}
                ellipsizeMode="tail"
                numberOfLines={1}
                style={
                  Array [
                    Object {},
                    undefined,
                    undefined,
                    undefined,
                    undefined,
                    undefined,
                    undefined,
                    undefined,
                    undefined,
                    undefined,
                    Array [
                      Object {
                        "color": "#43484d",
                        "fontSize": 17.5,
                      },
                      Object {
                        "marginLeft": 10,
                      },
                      undefined,
                      undefined,
                    ],
                  ]
                }
              >
                Every Thursday
              </Text>
            </View>
            <View
              style={undefined}
            >
              <View />
            </View>
          </View>
        </View>
      </View>
      <View
        accessibilityComponentType={undefined}
        accessibilityLabel={undefined}
        accessibilityTraits={undefined}
        accessible={true}
        hasTVPreferredFocus={undefined}
        hitSlop={undefined}
        isTVSelectable={true}
        nativeID={undefined}
        onLayout={undefined}
        onResponderGrant={[Function]}
        onResponderMove={[Function]}
        onResponderRelease={[Function]}
        onResponderTerminate={[Function]}
        onResponderTerminationRequest={[Function]}
        onStartShouldSetResponder={[Function]}
        style={
          Array [
            Object {
              "backgroundColor": "transparent",
            },
            Array [
              Object {
                "backgroundColor": "transparent",
                "borderBottomColor": "#bbb",
                "borderBottomWidth": 1,
                "paddingBottom": 10,
                "paddingRight": 10,
                "paddingTop": 10,
              },
              undefined,
              false,
              false,
            ],
          ]
        }
        testID={undefined}
        tvParallaxProperties={undefined}
      >
        <View
          style={
            Array [
              Object {
                "flexDirection": "row",
                "marginLeft": 10,
              },
              undefined,
            ]
          }
        >
          <View
            style={
              Object {
                "flex": 1,
                "justifyContent": "center",
              }
            }
          >
            <View
              style={undefined}
            >
              <Text
                accessible={true}
                allowFontScaling={true}
                ellipsizeMode="tail"
                numberOfLines={1}
                style={
                  Array [
                    Object {},
                    undefined,
                    undefined,
                    undefined,
                    undefined,
                    undefined,
                    undefined,
                    undefined,
                    undefined,
                    undefined,
                    Array [
                      Object {
                        "color": "#43484d",
                        "fontSize": 17.5,
                      },
                      Object {
                        "marginLeft": 10,
                      },
                      undefined,
                      undefined,
                    ],
                  ]
                }
              >
                Every Friday
              </Text>
            </View>
            <View
              style={undefined}
            >
              <View />
            </View>
          </View>
        </View>
      </View>
      <View
        accessibilityComponentType={undefined}
        accessibilityLabel={undefined}
        accessibilityTraits={undefined}
        accessible={true}
        hasTVPreferredFocus={undefined}
        hitSlop={undefined}
        isTVSelectable={true}
        nativeID={undefined}
        onLayout={undefined}
        onResponderGrant={[Function]}
        onResponderMove={[Function]}
        onResponderRelease={[Function]}
        onResponderTerminate={[Function]}
        onResponderTerminationRequest={[Function]}
        onStartShouldSetResponder={[Function]}
        style={
          Array [
            Object {
              "backgroundColor": "transparent",
            },
            Array [
              Object {
                "backgroundColor": "transparent",
                "borderBottomColor": "#bbb",
                "borderBottomWidth": 1,
                "paddingBottom": 10,
                "paddingRight": 10,
                "paddingTop": 10,
              },
              undefined,
              false,
              false,
            ],
          ]
        }
        testID={undefined}
        tvParallaxProperties={undefined}
      >
        <View
          style={
            Array [
              Object {
                "flexDirection": "row",
                "marginLeft": 10,
              },
              undefined,
            ]
          }
        >
          <View
            style={
              Object {
                "flex": 1,
                "justifyContent": "center",
              }
            }
          >
            <View
              style={undefined}
            >
              <Text
                accessible={true}
                allowFontScaling={true}
                ellipsizeMode="tail"
                numberOfLines={1}
                style={
                  Array [
                    Object {},
                    undefined,
                    undefined,
                    undefined,
                    undefined,
                    undefined,
                    undefined,
                    undefined,
                    undefined,
                    undefined,
                    Array [
                      Object {
                        "color": "#43484d",
                        "fontSize": 17.5,
                      },
                      Object {
                        "marginLeft": 10,
                      },
                      undefined,
                      undefined,
                    ],
                  ]
                }
              >
                Every Saturday
              </Text>
            </View>
            <View
              style={undefined}
            >
              <View />
            </View>
          </View>
        </View>
      </View>
      <View
        accessibilityComponentType={undefined}
        accessibilityLabel={undefined}
        accessibilityTraits={undefined}
        accessible={true}
        hasTVPreferredFocus={undefined}
        hitSlop={undefined}
        isTVSelectable={true}
        nativeID={undefined}
        onLayout={undefined}
        onResponderGrant={[Function]}
        onResponderMove={[Function]}
        onResponderRelease={[Function]}
        onResponderTerminate={[Function]}
        onResponderTerminationRequest={[Function]}
        onStartShouldSetResponder={[Function]}
        style={
          Array [
            Object {
              "backgroundColor": "transparent",
            },
            Array [
              Object {
                "backgroundColor": "transparent",
                "borderBottomColor": "#bbb",
                "borderBottomWidth": 1,
                "paddingBottom": 10,
                "paddingRight": 10,
                "paddingTop": 10,
              },
              undefined,
              false,
              false,
            ],
          ]
        }
        testID={undefined}
        tvParallaxProperties={undefined}
      >
        <View
          style={
            Array [
              Object {
                "flexDirection": "row",
                "marginLeft": 10,
              },
              undefined,
            ]
          }
        >
          <View
            style={
              Object {
                "flex": 1,
                "justifyContent": "center",
              }
            }
          >
            <View
              style={undefined}
            >
              <Text
                accessible={true}
                allowFontScaling={true}
                ellipsizeMode="tail"
                numberOfLines={1}
                style={
                  Array [
                    Object {},
                    undefined,
                    undefined,
                    undefined,
                    undefined,
                    undefined,
                    undefined,
                    undefined,
                    undefined,
                    undefined,
                    Array [
                      Object {
                        "color": "#43484d",
                        "fontSize": 17.5,
                      },
                      Object {
                        "marginLeft": 10,
                      },
                      undefined,
                      undefined,
                    ],
                  ]
                }
              >
                Every Sunday
              </Text>
            </View>
            <View
              style={undefined}
            >
              <View />
            </View>
          </View>
        </View>
      </View>
    </View>
  </View>
</View>
`;
