// Jest Snapshot v1, https://goo.gl/fbAQLP

exports[`displays error with try again option 1`] = `
<View>
  <View>
    <View
      style={
        Array [
          Object {
            "marginTop": 80,
          },
          Object {
            "flexDirection": "row",
            "justifyContent": "center",
            "paddingLeft": 10,
          },
        ]
      }
    >
      <Text
        accessible={true}
        allowFontScaling={true}
        disabled={false}
        ellipsizeMode="tail"
      >
        Unfortunately we couldn't log you in. Please ensure you have an internet connection.
      </Text>
    </View>
    <View
      style={
        Object {
          "flexDirection": "row",
          "justifyContent": "center",
        }
      }
    >
      <View
        accessibilityComponentType="button"
        accessibilityLabel={undefined}
        accessibilityTraits={
          Array [
            "button",
          ]
        }
        accessible={true}
        collapsable={undefined}
        hitSlop={undefined}
        isTVSelectable={true}
        nativeID={undefined}
        onLayout={undefined}
        onResponderGrant={[Function]}
        onResponderMove={[Function]}
        onResponderRelease={[Function]}
        onResponderTerminate={[Function]}
        onResponderTerminationRequest={[Function]}
        onStartShouldSetResponder={[Function]}
        style={
          Object {
            "opacity": 1,
          }
        }
        testID={undefined}
        tvParallaxProperties={undefined}
      >
        <View
          style={
            Array [
              Object {},
            ]
          }
        >
          <Text
            accessible={true}
            allowFontScaling={true}
            disabled={false}
            ellipsizeMode="tail"
            style={
              Array [
                Object {
                  "color": "#007AFF",
                  "fontSize": 18,
                  "padding": 8,
                  "textAlign": "center",
                },
              ]
            }
          >
            Try again
          </Text>
        </View>
      </View>
    </View>
  </View>
</View>
`;

exports[`displays loading screen while loading 1`] = `
<View>
  <View>
    <ActivityIndicator
      animating={true}
      color="#999999"
      hidesWhenStopped={true}
      size="large"
      style={
        Object {
          "height": 80,
        }
      }
    />
    <View
      style={
        Object {
          "flexDirection": "row",
          "justifyContent": "center",
        }
      }
    >
      <Text
        accessible={true}
        allowFontScaling={true}
        disabled={false}
        ellipsizeMode="tail"
      >
        Logging in...
      </Text>
    </View>
  </View>
</View>
`;
