// Jest Snapshot v1, https://goo.gl/fbAQLP

exports[`displays routes correctly 1`] = `
<View
  accessibilityComponentType={undefined}
  accessibilityLabel={undefined}
  accessibilityTraits={undefined}
  accessible={true}
  hasTVPreferredFocus={undefined}
  hitSlop={undefined}
  isTVSelectable={true}
  nativeID={undefined}
  onLayout={undefined}
  onResponderGrant={[Function]}
  onResponderMove={[Function]}
  onResponderRelease={[Function]}
  onResponderTerminate={[Function]}
  onResponderTerminationRequest={[Function]}
  onStartShouldSetResponder={[Function]}
  style={
    Array [
      Object {
        "backgroundColor": "transparent",
      },
      Array [
        Object {
          "backgroundColor": "transparent",
          "borderBottomColor": "#bbb",
          "borderBottomWidth": 0.5,
          "paddingBottom": 10,
          "paddingRight": 10,
          "paddingTop": 10,
        },
        undefined,
      ],
    ]
  }
  testID={undefined}
  tvParallaxProperties={undefined}
>
  <View
    style={
      Array [
        Object {
          "flexDirection": "row",
          "marginLeft": 10,
        },
        undefined,
      ]
    }
  >
    <View
      style={
        Object {
          "flex": 1,
          "justifyContent": "center",
        }
      }
    >
      <View
        style={undefined}
      >
        <Text
          accessible={true}
          allowFontScaling={true}
          disabled={false}
          ellipsizeMode="tail"
          numberOfLines={1}
          style={
            Array [
              Object {},
              undefined,
              undefined,
              undefined,
              undefined,
              undefined,
              undefined,
              undefined,
              undefined,
              undefined,
              Array [
                Object {
                  "color": "#43484d",
                  "fontSize": 17.5,
                },
                Object {
                  "marginLeft": 10,
                },
                undefined,
                undefined,
              ],
            ]
          }
        >
          Bus Route 1
        </Text>
      </View>
      <View
        style={undefined}
      >
        <Text
          accessible={true}
          allowFontScaling={true}
          disabled={false}
          ellipsizeMode="tail"
          numberOfLines={1}
          style={
            Array [
              Object {},
              undefined,
              undefined,
              undefined,
              undefined,
              undefined,
              undefined,
              undefined,
              undefined,
              undefined,
              Array [
                Object {
                  "color": "#86939e",
                  "fontSize": 15,
                  "fontWeight": "600",
                  "marginTop": 1,
                },
                Object {
                  "marginLeft": 10,
                },
                undefined,
                undefined,
              ],
            ]
          }
        >
          Take x avenue - Leave here at 10:31 am and arrive at 10:37 am
        </Text>
      </View>
    </View>
    <View
      accessibilityComponentType={undefined}
      accessibilityLabel={undefined}
      accessibilityTraits={undefined}
      accessible={true}
      collapsable={undefined}
      hitSlop={undefined}
      isTVSelectable={true}
      nativeID={undefined}
      onLayout={undefined}
      onResponderGrant={[Function]}
      onResponderMove={[Function]}
      onResponderRelease={[Function]}
      onResponderTerminate={[Function]}
      onResponderTerminationRequest={[Function]}
      onStartShouldSetResponder={[Function]}
      style={
        Object {
          "alignItems": "flex-end",
          "flex": 0.15,
          "justifyContent": "center",
          "opacity": 1,
        }
      }
      testID={undefined}
      tvParallaxProperties={undefined}
    >
      <View
        onPress={undefined}
        style={
          Array [
            false,
            false,
            false,
            Object {
              "alignItems": "center",
              "backgroundColor": "transparent",
              "justifyContent": "center",
            },
            undefined,
          ]
        }
        underlayColor="white"
      >
        <Text
          accessible={true}
          allowFontScaling={false}
          disabled={false}
          ellipsizeMode="tail"
          style={
            Array [
              Object {
                "color": "#bdc6cf",
                "fontSize": 28,
              },
              Array [
                Object {
                  "backgroundColor": "transparent",
                },
                undefined,
              ],
              Object {
                "fontFamily": "Material Icons",
                "fontStyle": "normal",
                "fontWeight": "normal",
              },
            ]
          }
        >
          î—Œ
        </Text>
      </View>
    </View>
  </View>
</View>
`;
